// Jest Snapshot v1, https://goo.gl/fbAQLP

exports[`Menu renders correctly 1`] = `
<input
  className="date"
  id="dateTestId"
  name="dateTest"
  onChange={[Function]}
  type="text"
  value="01021980"
/>
`;
