// Jest Snapshot v1, https://goo.gl/fbAQLP

exports[`Menu renders correctly 1`] = `
Array [
  <button
    className="btn btn-gray previous"
    data-img="images/step2.svg"
    onClick={[Function]}
  >
    Back
  </button>,
  <button
    className="btn btn-gray green-bg next"
    data-img="images/step6.svg"
    onClick={[Function]}
  >
    Continue
  </button>,
]
`;
